// Jest Snapshot v1, https://goo.gl/fbAQLP

exports[`should render Header component 1`] = `
<header>
  <h1>
    Expensify
  </h1>
  <NavLink
    activeClassName="is-active"
    ariaCurrent="true"
    exact={true}
    to="/"
  >
    Home
  </NavLink>
  <NavLink
    activeClassName="is-active"
    ariaCurrent="true"
    to="/create"
  >
    Add Expenses
  </NavLink>
</header>
`;
