// Jest Snapshot v1, https://goo.gl/fbAQLP

exports[`should take snapshot of loadingPage 1`] = `
<div
  className="loader"
>
  <img
    className="loader__image"
    src="/images/loader.gif"
  />
</div>
`;
