// Jest Snapshot v1, https://goo.gl/fbAQLP

exports[`should render Not found page component 1`] = `
<div>
  404!
</div>
`;
